Statistics:
  non-closed: 0
  closed:     1 (100%)
    unknown:    0 (0%)
    linestring: 0 (0%)
    polygon:    0 (0%)
    both:       0 (0%)
    no tags:    0 (0%)
    error:      1 (100%)
Found 0 unknown keys.
Unknown keys:
