Statistics:
  non-closed: 1
  closed:     0 (100%)
    unknown:    0 (0%)
    linestring: 0 (0%)
    polygon:    0 (0%)
    both:       0 (0%)
    no tags:    0 (0%)
    error:      0 (0%)
Found 0 unknown keys.
Unknown keys:
